00:15:42 **** Incremental Build of configuration Debug for project qube_core ****
make -j12 all 
arm-none-eabi-gcc "../Core/Src/cpu.c" -mcpu=cortex-m4 -std=gnu11 -g3 -DDEBUG -DUSE_HAL_DRIVER -DSTM32G431xx -c -I../Core/Inc -I../Drivers/STM32G4xx_HAL_Driver/Inc -I../Drivers/STM32G4xx_HAL_Driver/Inc/Legacy -I../Drivers/CMSIS/Device/ST/STM32G4xx/Include -I../Drivers/CMSIS/Include -O0 -ffunction-sections -fdata-sections -Wall -fstack-usage -MMD -MP -MF"Core/Src/cpu.d" -MT"Core/Src/cpu.o" --specs=nano.specs -mfpu=fpv4-sp-d16 -mfloat-abi=hard -mthumb -o "Core/Src/cpu.o"
arm-none-eabi-gcc "../Core/Src/led.c" -mcpu=cortex-m4 -std=gnu11 -g3 -DDEBUG -DUSE_HAL_DRIVER -DSTM32G431xx -c -I../Core/Inc -I../Drivers/STM32G4xx_HAL_Driver/Inc -I../Drivers/STM32G4xx_HAL_Driver/Inc/Legacy -I../Drivers/CMSIS/Device/ST/STM32G4xx/Include -I../Drivers/CMSIS/Include -O0 -ffunction-sections -fdata-sections -Wall -fstack-usage -MMD -MP -MF"Core/Src/led.d" -MT"Core/Src/led.o" --specs=nano.specs -mfpu=fpv4-sp-d16 -mfloat-abi=hard -mthumb -o "Core/Src/led.o"
../Core/Src/led.c: In function 'LEDs_init':
../Core/Src/led.c:38:21: warning: variable 'I2C_stat' set but not used [-Wunused-but-set-variable]
   38 |   HAL_StatusTypeDef I2C_stat;
      |                     ^~~~~~~~
arm-none-eabi-gcc -o "qube_core.elf" @"objects.list"   -mcpu=cortex-m4 -T"D:\recherche\projets\Qube\dev\qube_core\STM32G431KBTX_FLASH.ld" --specs=nosys.specs -Wl,-Map="qube_core.map" -Wl,--gc-sections -static --specs=nano.specs -mfpu=fpv4-sp-d16 -mfloat-abi=hard -mthumb -Wl,--start-group -lc -lm -Wl,--end-group
Finished building target: qube_core.elf
 
arm-none-eabi-size   qube_core.elf 
arm-none-eabi-objdump -h -S  qube_core.elf  > "qube_core.list"
   text	   data	    bss	    dec	    hex	filename
  20224	     20	   1948	  22192	   56b0	qube_core.elf
Finished building: default.size.stdout
 
Finished building: qube_core.list
 

00:15:43 Build Finished. 0 errors, 1 warnings. (took 1s.192ms)

